// Jest Snapshot v1, https://goo.gl/fbAQLP

exports[`Accordion корректно отрабатывает сценарии Рендер на мок данных 1`] = `
<div>
  <div
    class="root"
  >
    <div
      class="item"
    >
      <div
        class="header"
      >
        <div
          class="arrow"
        >
          <div
            class="root"
          >
            <svg
              fill="none"
              height="100%"
              viewBox="0 0 20 20"
              width="100%"
              xmlns="http://www.w3.org/2000/svg"
            >
              <path
                clip-rule="evenodd"
                d="M11.5858 10L7.29289 5.70711C6.90237 5.31658 6.90237 4.68342 7.29289 4.29289C7.68342 3.90237 8.31658 3.90237 8.70711 4.29289L13.7071 9.29289C14.0976 9.68342 14.0976 10.3166 13.7071 10.7071L8.70711 15.7071C8.31658 16.0976 7.68342 16.0976 7.29289 15.7071C6.90237 15.3166 6.90237 14.6834 7.29289 14.2929L11.5858 10Z"
                fill="currentColor"
                fill-rule="evenodd"
                stroke="none"
              />
            </svg>
          </div>
        </div>
        <div
          class="title"
        >
          Item 1
        </div>
      </div>
    </div>
    <div
      class="item"
    >
      <div
        class="header"
      >
        <div
          class="arrow"
        >
          <div
            class="root"
          >
            <svg
              fill="none"
              height="100%"
              viewBox="0 0 20 20"
              width="100%"
              xmlns="http://www.w3.org/2000/svg"
            >
              <path
                clip-rule="evenodd"
                d="M11.5858 10L7.29289 5.70711C6.90237 5.31658 6.90237 4.68342 7.29289 4.29289C7.68342 3.90237 8.31658 3.90237 8.70711 4.29289L13.7071 9.29289C14.0976 9.68342 14.0976 10.3166 13.7071 10.7071L8.70711 15.7071C8.31658 16.0976 7.68342 16.0976 7.29289 15.7071C6.90237 15.3166 6.90237 14.6834 7.29289 14.2929L11.5858 10Z"
                fill="currentColor"
                fill-rule="evenodd"
                stroke="none"
              />
            </svg>
          </div>
        </div>
        <div
          class="title"
        >
          Item 2
        </div>
      </div>
    </div>
  </div>
</div>
`;
